                                                                                
                                                                                
                                                                                
                                                                                
                                                                                
                                                                                
                                                                                
                                                                                
    ╭──────────────────────────────────────────────────────────────────────╮    
    │                                                                      │    
    │  Add repository                                                      │    
    │                                                                      │    
    │  Name               › [                                ]             │    
    │                       a repository of the owner                      │    
    │  Max                  [ − ] 1 [ + ] (default)                        │    
    │  Labels               + add                                          │    
    │  Allow public repo    [━○] Off                                       │    
    │  ⚠ self-hosted runners on a public repo can run anyone's code        │    
    │                                                                      │    
    │                                               ( Cancel )    [ Add ]  │    
    │                                                                      │    
    ╰──────────────────────────────────────────────────────────────────────╯    
                                                                                
                                                                                
                                                                                
                                                                                
                                                                                
                                                                                
                                                                                
                                                                                