                                                                                                                        
                                                                                                                        
                                                                                                                        
                                                                                                                        
                                                                                                                        
                                                                                                                        
                                                                                                                        
                                                                                                                        
                                                                                                                        
                                                                                                                        
                                                                                                                        
                                                                                                                        
                                                                                                                        
                                                                                                                        
                                                                                                                        
                                                                                                                        
                                                                                                                        
                                                                                                                        
                                                                                                                        
                                                                                                                        
                                                                                                                        
                                                                                                                        
                                                                                                                        
                     ╭────────────────────────────────────────────────────────────────────────────╮                     
                     │                                                                            │                     
                     │  Install toolchain                                                         │                     
                     │                                                                            │                     
                     │  Tool               › [ Node.js ▾ ]                                        │                     
                     │  Version              pick one below, or type a version                    │                     
                     │                       [ type to filter                                  ]  │                     
                     │                       ▸ 24.9.0                                             │                     
                     │                         22.11.0  [LTS]                                     │                     
                     │                         22.10.0  [LTS]                                     │                     
                     │                                                                            │                     
                     │                                                 ( Cancel )    [ Install ]  │                     
                     │                                                                            │                     
                     ╰────────────────────────────────────────────────────────────────────────────╯                     
                                                                                                                        
                                                                                                                        
                                                                                                                        
                                                                                                                        
                                                                                                                        
                                                                                                                        
                                                                                                                        
                                                                                                                        
                                                                                                                        
                                                                                                                        
                                                                                                                        
                                                                                                                        
                                                                                                                        
                                                                                                                        
                                                                                                                        
                                                                                                                        
                                                                                                                        
                                                                                                                        
                                                                                                                        
                                                                                                                        
                                                                                                                        
                                                                                                                        
                                                                                                                        