 ghr   mode ● QUEUE   runners ▕██░▏ 2/3   api ▕█████████░▏ 4800   disk ▕██████░░░░▏ 61%   ● connected
▌ 1 Dashboard    Dashboard                                                         [ + Add repository ]    ( Pause all )
  2 Repositories ╭─ Running ───────╮ ╭─ Queued jobs ───╮ ╭─ CPU ───────────╮ ╭─ Memory ────────╮ ╭─ Disk ──────────────╮
  3 Runners      │ 2 / 3           │ │ 3               │ │ –               │ │ –               │ │ 61%                 │
  4 History      │                 │ │                 │ │                 │ │                 │ │ ▕██████████░░░░░░░▏ │
  5 Storage      ╰─────────────────╯ ╰─────────────────╯ ╰─────────────────╯ ╰─────────────────╯ ╰─────────────────────╯
  6 Settings     ╭─ › Repositories ────────────────────────────────────────────────────────────────────────────────────╮
                 │   REPO           STATE      RUN   QUEUE  LAST JOB                                                   │
                 │ ▸ darkcloud      [ACTIVE]   1/1   ⧗ 2    ✔ #411 lint  2m ago        ( Edit )  ( Pause )  [ Remove ] │
                 │   darkmem        [ACTIVE]   1/1   –      ✖ #87 build / test  1h ago                                 │
                 │   darkagents     [PAUSED]   0/1   ⧗ 1    –                                                          │
                 ╰─────────────────────────────────────────────────────────────────────────────────────────────────────╯
                 ╭─ Runners ───────────────────────────────────────────────────────────────────────────────────────────╮
                 │   ID       REPO         STATE       JOB                                               ELAPSED       │
                 │   a3f9c1   darkcloud    ⣾ [BUSY]    CI / e2e-journeys  #412                           12m04s        │
                 │   7be210   darkmem      [IDLE]      –                                                 1m30s         │
                 │   –        darkcloud    ⧗ waiting   2 jobs queued (repo cap 1)                                      │
                 ╰─────────────────────────────────────────────────────────────────────────────────────────────────────╯
                 ╭─ Activity ──────────────────────────────────────────────────────────────────────────────────────────╮
                 │ HH:MM:SS  ✔ darkcloud   #411 lint success 2m10s  cleanup: 3 ctrs                                    │
                 │ HH:MM:SS  ▶ darkcloud   spawned a3f9c1 (2.330.0)                                                    │
                 │ HH:MM:SS  ⚠             disk 81% > high-water 80% — pruned build cache                              │
                 │                                                                                                     │
                 │                                                                                                     │
                 │                                                                                                     │
                 │                                                                                                     │
                 │                                                                                                     │
  ? Help         │                                                                                                     │
  q Quit         ╰─────────────────────────────────────────────────────────────────────────────────────────────────────╯
 p pause  e edit  + repo cap  -  [ global cap  ]  m mode  x stop  l logs  enter details  ? help  q quit