                                                                                
                                                                                
                                                                                
                                                                                
                                                                                
                                                                                
                                                                                
                                                                                
                                                                                
                                                                                
                                                                                
                                                                                
                                                                                
                                                                                
                                                                                
                                                                                
                                                                                
                                                                                
                                                                                
                                                                                
                                                                                
                                                                                
                                                                                
                                                                                
                                                                                
╭──────────────────────────────────────────────────────────────────────────────╮
│                                                                              │
│  Confirm                                                                     │
│                                                                              │
│  Remove dotnet 8.0.414 (412.0 MB)? It is the last .NET 8 SDK, so this also   │
│  removes the 8.0 runtimes and packs.                                         │
│                                                                              │
│                                                           ( No )  › [ Yes ]  │
│                                                                              │
╰──────────────────────────────────────────────────────────────────────────────╯
                                                                                
                                                                                
                                                                                
                                                                                
                                                                                
                                                                                
                                                                                
                                                                                
                                                                                
                                                                                
                                                                                
                                                                                
                                                                                
                                                                                
                                                                                
                                                                                
                                                                                
                                                                                
                                                                                
                                                                                
                                                                                
                                                                                
                                                                                
                                                                                
                                                                                