                                                                                
                                                                                
                                                                                
                                                                                
                                                                                
    ╭──────────────────────────────────────────────────────────────────────╮    
    │                                                                      │    
    │  Add repository                                                      │    
    │                                                                      │    
    │  Repository           pick one below                                 │    
    │                     › [ type to filter                            ]  │    
    │                       ▸ booklore  [PUBLIC]                           │    
    │                         darkcloud  [PRIVATE]  added                  │    
    │                         immich  [PRIVATE]                            │    
    │                         newrepo  [PRIVATE]                           │    
    │                         site  [PRIVATE]                              │    
    │  Max                  [ − ] 1 [ + ] (default)                        │    
    │  Labels               + add                                          │    
    │  Allow public repo    [━○] Off                                       │    
    │  ⚠ self-hosted runners on a public repo can run anyone's code        │    
    │                                                                      │    
    │                                               ( Cancel )    [ Add ]  │    
    │                                                                      │    
    ╰──────────────────────────────────────────────────────────────────────╯    
                                                                                
                                                                                
                                                                                
                                                                                
                                                                                
                                                                                