 ghr   mode ● QUEUE   runners ▕██░▏ 2/3   api 4800   disk ▕██████░░░░▏ 61%   ●
  1 Dash    2 Repo  [ 3 Run ]  4 Hist    5 Stor    6 Set                 ? help
Runners › a3f9c1                             ( Copy run URL )    [ Stop runner ]
[BUSY]  ·  darkcloud  ·  CI / e2e-journeys  #412  ·  12m04s  ·  started 2026-10…

› [ Steps ]   Log     Containers   

✔ Set up job
⣾ Run e2e journeys




















 esc back  left prev tab  right next tab  tab next  x stop  ? help  q quit