 ghr   mode ● QUEUE   runners ▕██░▏ 2/3   api 4800   disk ▕██████░░░░▏ 61%   ●
  1 Dash    2 Repo    3 Run    4 Hist  [ 5 Stor ]  6 Set                 ? help
Storage                                                                         
╭─ Docker disk ────────────────────────────────────────────────────────────────╮
│ ▕████████████░░░░░░░░▏ 61% used · prunes above 80%                           │
│                 count  active  size                                          │
│ Images          9      2       6.6 GB                                        │
│ Containers      2      2       41.0 kB                                       │
│ Local Volumes   68     1       8.7 GB                                        │
│ Build Cache     12     0       1.7 GB                                        │
│   regular       10             1.6 GB                                        │
│   source.local  2              86.0 MB                                       │
│ auto · 13:07 · ok — build cache older than 72h 1.2 GB, dangling images       │
│ 300.0 MB                                                                     │
│ › [ Prune ]   ( Build cache to 20GB )   [ All build cache ]                  │
│   ( Dangling images )   [ Unused volumes ]                                   │
╰──────────────────────────────────────────────────────────────────────────────╯
╭─ Toolchains ─────────────────────────────────────────────────────────────────╮
│ node    22.11.0       182.4 MB   installed 2026-10-01             [ Remove ] │
│ dotnet  8.0.414       412.0 MB   installed 2026-10-01             [ Remove ] │
│ dotnet  10.0.100      455.0 MB   installed 2026-10-01             [ Remove ] │
│ java    21.0.8+9      195.0 MB   installed 2026-10-01             [ Remove ] │
│ PyPy                  98.0 MB    other: a job's own setup step               │
│   [ Install… ]   ( Install popular set )                                     │
╰──────────────────────────────────────────────────────────────────────────────╯
╭─ Package caches ─────────────────────────────────────────────────────────────╮
│ NuGet       /home/ghrunner/.nuget/… 1.2 GB     written 2h ago      [ Clear ] │
│ npm         /home/ghrunner/.npm     310.0 MB   written 2h ago      [ Clear ] │
│ pip         not present                                                      │
│ measured 14:02    ( Refresh )                                                │
╰──────────────────────────────────────────────────────────────────────────────╯
╭─ Recent operations ──────────────────────────────────────────────────────────╮
│ 13:55  clear   npm                 [REFUSED]  refused: 1 jobs running        │
│ 13:35  install node 22             [OK]  installed node 22.11.0              │
╰──────────────────────────────────────────────────────────────────────────────╯
























 tab next  enter press  pgdown scroll  ? help  q quit