 ghr   mode ● QUEUE   runners ▕██░▏ 2/3   api 4800   disk ▕██████░░░░▏ 61%   ●
  1 Dash    2 Repo    3 Run  [ 4 Hist ]  5 Stor    6 Set                 ? help
History                                                                         
Repo   [ all ▾ ]    Result   [ all ▾ ]

╭─ › History ──────────────────────────────────────────────────────────────────╮
│   FINISHED         REPO         RUN     JOB             RESULT      DURATION │
│   2026-10-03 14:03 darkcloud    #411   ( Copy run URL ) [SUCCESS]   2m00s    │
│   2026-10-03 13:05 darkmem      #87     build / test    [FAILURE]   10m00s   │
╰──────────────────────────────────────────────────────────────────────────────╯



















 r repo  c result  enter copy URL  tab next  ? help  q quit